
 RUN  v3.2.4 /app

 ❯ src/tests/buildIntegrity/ComponentCompilation.test.tsx (17 tests | 2 failed) 524ms
   ✓ Component Compilation Integrity Tests > Core Component Imports > SlideBasedInteractiveModule imports without errors 4ms
   ✓ Component Compilation Integrity Tests > Core Component Imports > AuthButton imports and compiles correctly 1ms
   ✓ Component Compilation Integrity Tests > Hotspot Editor Components > HotspotEditorModal imports and compiles correctly 1ms
   ✓ Component Compilation Integrity Tests > Hotspot Editor Components > InteractionSettingsModal imports and compiles correctly 1ms
   ✓ Component Compilation Integrity Tests > Hotspot Editor Components > InteractionParameterPreview imports and compiles correctly 1ms
   ✓ Component Compilation Integrity Tests > Hook Imports > custom hooks import correctly 1ms
   ✓ Component Compilation Integrity Tests > Hook Imports > hooks export expected functions 2ms
   ✓ Component Compilation Integrity Tests > Utility and Type Imports > slide types import correctly 1ms
   ✓ Component Compilation Integrity Tests > Utility and Type Imports > shared types import correctly 1ms
   ✓ Component Compilation Integrity Tests > Utility and Type Imports > Firebase configuration imports correctly 1ms
   ✓ Component Compilation Integrity Tests > Component Instantiation > SlideBasedInteractiveModule can be instantiated with minimal props 1ms
   ✓ Component Compilation Integrity Tests > Environment Configuration > test environment variables are properly configured 0ms
   ✓ Component Compilation Integrity Tests > Build Tool Configuration > Vitest configuration is accessible 0ms
   ✓ Component Compilation Integrity Tests > Build Tool Configuration > React Testing Library is properly configured 27ms
   ✓ Component Compilation Integrity Tests > Build Tool Configuration > jest-dom matchers are available 2ms
   × Component Compilation Integrity Tests > Critical Path Component Loading > all critical components can be loaded simultaneously 475ms
     → expected 'rejected' to be 'fulfilled' // Object.is equality
   × Component Compilation Integrity Tests > Critical Path Component Loading > concurrent component loading does not cause conflicts 3ms
     → Failed to resolve import "../../utils/touchFeedback" from "src/client/components/slides/SlideElement.tsx". Does the file exist?
 ❯ src/tests/buildIntegrity/ImportExportIntegrity.test.ts (16 tests | 3 failed) 1081ms
   ✓ Import/Export Integrity Tests > Core Module Exports > slideTypes module exports all required types 149ms
   ✓ Import/Export Integrity Tests > Core Module Exports > shared types module exports correctly 15ms
   ✓ Import/Export Integrity Tests > Core Module Exports > Firebase configuration module exports correctly 2ms
   × Import/Export Integrity Tests > Component Module Structure > SlideBasedInteractiveModule has default export 673ms
     → Failed to resolve import "../../utils/touchFeedback" from "src/client/components/slides/SlideElement.tsx". Does the file exist?
   ✓ Import/Export Integrity Tests > Hook Module Structure > useDeviceDetection hook exports correctly 1ms
   ✓ Import/Export Integrity Tests > Hook Module Structure > useToast hook exports correctly 148ms
   ✓ Import/Export Integrity Tests > Context and Provider Exports > AuthProvider exports correctly 84ms
   ✓ Import/Export Integrity Tests > Cross-Module Dependencies > components can import required types 1ms
   ✓ Import/Export Integrity Tests > Cross-Module Dependencies > hooks can import required utilities 1ms
   ✓ Import/Export Integrity Tests > Module Loading Performance > core modules load within acceptable time 1ms
   × Import/Export Integrity Tests > Module Loading Performance > component modules can be loaded dynamically 1ms
     → Failed to resolve import "../../utils/touchFeedback" from "src/client/components/slides/SlideElement.tsx". Does the file exist?
   ✓ Import/Export Integrity Tests > Tree-Shaking Compatibility > named exports support selective importing 0ms
   × Import/Export Integrity Tests > Tree-Shaking Compatibility > default exports work correctly 0ms
     → Failed to resolve import "../../utils/touchFeedback" from "src/client/components/slides/SlideElement.tsx". Does the file exist?
   ✓ Import/Export Integrity Tests > Development vs Production Imports > all modules work in test environment 1ms
   ✓ Import/Export Integrity Tests > Development vs Production Imports > environment-specific imports work correctly 0ms
   ✓ Import/Export Integrity Tests > Import Stability > multiple imports do not interfere with each other 0ms
 ✓ src/tests/ViewerFooterToolbar.test.tsx (16 tests) 677ms
 ✓ src/tests/buildIntegrity/ReactHooksCompliance.test.tsx (10 tests) 474ms
 ✓ src/tests/coreFunctionality/SlideEditingWorkflow.test.tsx (6 tests) 221ms
 ✓ src/tests/ResponsiveModal.test.tsx (22 tests) 308ms
 ✓ src/tests/AuthModal.test.tsx (33 tests) 2728ms
   ✓ AuthModal > Sign Up Functionality > submits sign up form with valid data  328ms
stdout | src/tests/performance/MemoryUsage.test.tsx > Memory Usage Tests > Component does not cause memory leaks
Memory increase after 5 renders: 0.49MB

stdout | src/tests/performance/MemoryUsage.test.tsx > Memory Usage Tests > Large datasets are handled efficiently
Large dataset render time: 111.22ms
Memory increase: 10.0MB

stdout | src/tests/performance/MemoryUsage.test.tsx > Memory Usage Tests > Memory monitoring hook does not impact performance significantly
Monitoring overhead: 0.13ms

 ✓ src/tests/performance/MemoryUsage.test.tsx (4 tests) 180ms
 ✓ src/tests/mobile-ux/MobileUXResponsiveBehavior.test.tsx (8 tests) 199ms
 ✓ src/tests/responsive-patterns.test.tsx (2 tests) 139ms
 ✓ src/tests/mobile-ux/PerformanceOptimization.test.tsx (6 tests) 111ms
 ✓ src/tests/TouchContainer.test.tsx (21 tests) 148ms
 ✓ src/tests/ScrollStacks.test.tsx (5 tests) 87ms
 ✓ src/tests/LayoutConstraints.test.ts (29 tests) 102ms
stdout | src/tests/performance/RenderOptimization.test.tsx > Performance Render Optimization Tests > useComponentPerformance hook tracks render metrics correctly
test-component render #1: 35.81ms
test-component render #2: 68.89ms

stdout | src/tests/performance/RenderOptimization.test.tsx > Performance Render Optimization Tests > ResponsiveCanvas renders within acceptable time limits
ResponsiveCanvas render time: 63.96ms

stdout | src/tests/performance/RenderOptimization.test.tsx > Performance Render Optimization Tests > Memory usage stays within acceptable limits
Memory usage: 30.0MB

 ✓ src/tests/performance/RenderOptimization.test.tsx (4 tests) 81ms
 ✓ src/tests/InteractiveModule.test.tsx (2 tests) 78ms
 ✓ src/tests/firebaseApi.test.ts (9 tests) 18ms
 ✓ src/tests/FirebaseTypeSafety.test.ts (18 tests) 20ms
 ✓ src/tests/buildIntegrity/TypeScriptIntegrity.test.ts (16 tests) 11ms
 ✓ src/tests/ResponsivePosition.test.ts (20 tests) 12ms
 ✓ src/tests/firebaseApi.validation.test.ts (10 tests) 13ms
 ✓ src/tests/slideDeckUtils.test.ts (3 tests) 7ms
 ✓ src/tests/useDeviceDetection.test.tsx (12 tests) 11ms
 ✓ src/tests/integration/DecomposedComponents.test.ts (3 tests) 4ms
 ✓ src/tests/performance/PerformanceRegression.test.ts (3 tests) 4ms
 ✓ src/tests/accessibility/Accessibility.test.ts (1 test) 3ms
 ↓ src/tests/integration/ConcurrentOperations.test.ts (7 tests | 7 skipped)
 ↓ src/tests/integration/FirebaseIntegration.test.ts (8 tests | 8 skipped)

 Test Files  3 failed | 24 passed | 2 skipped (29)
      Tests  5 failed | 291 passed | 15 skipped (311)
     Errors  2 errors
   Start at  03:52:49
   Duration  16.97s (transform 2.86s, setup 4.11s, collect 5.78s, tests 7.24s, environment 19.44s, prepare 4.56s)
